../Core/Src/main.c:76:6:HAL_GPIO_EXT1_Callback	16	static
../Core/Src/main.c:87:6:HAL_CAN_RxFifo0MsgPendingCallback	16	static
../Core/Src/main.c:96:6:WriteServo	16	static
../Core/Src/main.c:106:5:main	8	static
../Core/Src/main.c:168:6:SystemClock_Config	88	static
../Core/Src/main.c:216:13:MX_CAN1_Init	48	static
../Core/Src/main.c:267:13:MX_TIM2_Init	64	static
../Core/Src/main.c:326:13:MX_USART2_UART_Init	8	static
../Core/Src/main.c:359:13:MX_GPIO_Init	48	static
../Core/Src/main.c:403:6:Error_Handler	4	static,ignoring_inline_asm
